   Compiling rhai v1.23.6
   Compiling keyrx_core v0.1.0 (/app/core)
   Compiling jsonschema v0.18.3
   Compiling toml v0.8.23
   Compiling nix v0.27.1
   Compiling keyrx-ffi-macros v0.1.0 (/app/core/ffi-macros)
   Compiling memory-stats v1.2.0
   Compiling either v1.15.0
   Compiling proc-macro2 v1.0.103
   Compiling rayon-core v1.13.0
   Compiling crossbeam-deque v0.8.6
   Compiling half v2.7.1
   Compiling wait-timeout v0.2.1
   Compiling thiserror v2.0.17
   Compiling plotters-backend v0.3.7
   Compiling ciborium-io v0.2.2
   Compiling fastrand v2.3.0
   Compiling unicode-ident v1.0.22
   Compiling predicates-core v1.0.9
   Compiling tempfile v3.23.0
   Compiling plotters-svg v0.3.7
   Compiling ciborium-ll v0.2.2
   Compiling itertools v0.10.5
   Compiling float-cmp v0.10.0
   Compiling thiserror-impl v2.0.17
   Compiling async-stream-impl v0.3.6
   Compiling quick-error v1.2.3
   Compiling bit-vec v0.8.0
   Compiling deadpool-runtime v0.1.4
   Compiling difflib v0.4.0
   Compiling normalize-line-endings v0.3.0
   Compiling termtree v0.5.1
   Compiling cast v0.3.0
   Compiling assert_cmd v2.1.1
   Compiling sdd v3.0.10
   Compiling scc v2.4.0
   Compiling criterion-plot v0.5.0
   Compiling predicates-tree v1.0.12
   Compiling predicates v3.1.3
   Compiling deadpool v0.12.3
   Compiling bit-set v0.8.0
   Compiling rusty-fork v0.3.1
   Compiling async-stream v0.3.6
   Compiling rayon v1.11.0
   Compiling ciborium v0.2.2
   Compiling plotters v0.3.7
   Compiling quote v1.0.42
   Compiling rand_xorshift v0.4.0
   Compiling bstr v1.12.1
   Compiling assert-json-diff v2.0.2
   Compiling tinytemplate v1.2.1
   Compiling tokio-stream v0.1.17
   Compiling serial_test_derive v3.2.0
   Compiling is-terminal v0.4.17
   Compiling unarray v0.1.4
   Compiling oorandom v11.1.5
   Compiling anes v0.1.6
   Compiling proptest v1.9.0
   Compiling criterion v0.5.1
   Compiling serial_test v3.2.0
   Compiling tokio-test v0.4.4
   Compiling wiremock v0.6.5
   Compiling syn v2.0.111
   Compiling tracing-appender v0.2.4
    Finished `test` profile [unoptimized + debuginfo] target(s) in 3m 30s
     Running tests/doc_examples_test.rs (target/debug/deps/doc_examples_test-d6ef8b1ef517642a)

running 1 test

=== Documentation Examples Summary ===
Total examples: 27
Passed: 15
Failed: 12
Duration: 1.33ms

=== Failed Examples ===

Function: layers::layer_map_impl
Code:
layer_map("Nav", "H", "Left");
layer_map("Nav", "J", "Down");
layer_map("Nav", "K", "Up");
layer_map("Nav", "L", "Right");
layer_map("Nav", "Space", "push:Symbols");
Error: [KRX-R2008] Script execution failed: Runtime error: layer_map: layer 'Nav' is not defined (line 1, position 1)
Hint: Check your script for syntax errors or runtime issues. See error details above

Function: debug::print_debug_impl
Code:
print_debug("Script started");
print_debug("Current layer: " + layer_name);
Error: [KRX-R2008] Script execution failed: Variable not found: layer_name (line 2, position 33)
Hint: Check your script for syntax errors or runtime issues. See error details above

Function: modifiers::modifier_off_impl
Code:
modifier_off("Hyper");
modifier_off("Meh");
Error: [KRX-R2008] Script execution failed: Runtime error: modifier_off: modifier 'Hyper' is not defined (line 1, position 1)
Hint: Check your script for syntax errors or runtime issues. See error details above

Function: layers::layer_push_impl
Code:
layer_push("Nav");
layer_push("Symbols");
Error: [KRX-R2008] Script execution failed: Runtime error: layer_push: layer 'Nav' is not defined (line 1, position 1)
Hint: Check your script for syntax errors or runtime issues. See error details above

Function: remapping::remap_impl
Code:
remap("CapsLock", "Esc");
remap("A", "B");
remap("F13", "AudioMute");
Error: [KRX-R2008] Script execution failed: Runtime error: remap: Unknown key 'F13'. See .spec-workflow/steering/tech.md (Key Naming & Aliases). (line 3, position 1)
Hint: Check your script for syntax errors or runtime issues. See error details above

Function: modifiers::modifier_on_impl
Code:
modifier_on("Hyper");
modifier_on("Meh");
Error: [KRX-R2008] Script execution failed: Runtime error: modifier_on: modifier 'Hyper' is not defined (line 1, position 1)
Hint: Check your script for syntax errors or runtime issues. See error details above

Function: modifiers::is_modifier_active_impl
Code:
if is_modifier_active("Hyper") {
print_debug("Hyper is active");
}
Error: [KRX-R2008] Script execution failed: Runtime error: is_modifier_active: modifier 'Hyper' is not defined (line 1, position 4)
Hint: Check your script for syntax errors or runtime issues. See error details above

Function: remapping::remap_rc_impl
Code:
remap_rc(3, 0, "Escape");     // Home row, 1st key (CapsLock) → Escape
remap_rc(3, 1, "B");          // Home row, 2nd key (A on QWERTY) → B
remap_rc(0, 16, "Delete");    // Top row, last key → Delete
Error: [KRX-R2008] Script execution failed: Runtime error: remap_rc: No device profile loaded. Row-column API requires device discovery. (line 1, position 1)
Hint: Check your script for syntax errors or runtime issues. See error details above

Function: modifiers::one_shot_impl
Code:
one_shot("Shift");
one_shot("Ctrl");
Error: [KRX-R2008] Script execution failed: Runtime error: one_shot: modifier 'Shift' is not defined (line 1, position 1)
Hint: Check your script for syntax errors or runtime issues. See error details above

Function: tap_hold::tap_hold_impl
Code:
tap_hold("CapsLock", "Esc", "Ctrl");
tap_hold("Space", "Space", "Shift");
tap_hold("Tab", "Tab", "Hyper");
Error: [KRX-R2008] Script execution failed: Runtime error: tap_hold: Unknown key 'Hyper'. See .spec-workflow/steering/tech.md (Key Naming & Aliases). (line 3, position 1)
Hint: Check your script for syntax errors or runtime issues. See error details above

Function: remapping::tap_hold_rc_impl
Code:
// Home row modifiers (row 3 on standard keyboards)
tap_hold_rc(3, 1, "A", "LeftCtrl");   // tap=A, hold=Ctrl
tap_hold_rc(3, 2, "S", "LeftAlt");    // tap=S, hold=Alt
tap_hold_rc(3, 3, "D", "LeftMeta");   // tap=D, hold=Meta
tap_hold_rc(3, 4, "F", "LeftShift");  // tap=F, hold=Shift
Error: [KRX-R2008] Script execution failed: Runtime error: tap_hold_rc: No device profile loaded. Row-column API requires device discovery. (line 2, position 1)
Hint: Check your script for syntax errors or runtime issues. See error details above

Function: remapping::block_rc_impl
Code:
block_rc(1, 13);  // Block Insert key (often hit by accident)
block_rc(0, 16);  // Block Delete key (top-right corner)
block_rc(0, 15);  // Block Pause key
Error: [KRX-R2008] Script execution failed: Runtime error: block_rc: No device profile loaded. Row-column API requires device discovery. (line 1, position 1)
Hint: Check your script for syntax errors or runtime issues. See error details above

WARNING: 12 out of 27 documentation examples failed
These examples should be fixed in a future update.
test test_all_documentation_examples ... ok

test result: ok. 1 passed; 0 failed; 0 ignored; 0 measured; 0 filtered out; finished in 0.00s

